// Jest Snapshot v1, https://goo.gl/fbAQLP

exports[`Home.vue matches snapshot 1`] = `
<div class="home"><img alt="Vue logo" src="../assets/logo.png">
  <!---->
</div>
`;
